[tabib-v2.inaikas.com/new-patient.html]
[backblue.gif]
[fade.gif]
[index.html]
[tabib-v2.inaikas.com/assets/images/favicon-32x32.png]
[tabib-v2.inaikas.com/assets/main/css/fonts.css]
[tabib-v2.inaikas.com/assets/main/css/style.css]
[tabib-v2.inaikas.com/assets/images/light.png]
[tabib-v2.inaikas.com/assets/images/dark.png]
[tabib-v2.inaikas.com/index.html]
[tabib-v2.inaikas.com/assets/images/download.png]
[tabib-v2.inaikas.com/assets/images/logo.png]
[tabib-v2.inaikas.com/index-dark.html]
[tabib-v2.inaikas.com/index-rtl.html]
[tabib-v2.inaikas.com/add-doctor.html]
[tabib-v2.inaikas.com/doctor-list.html]
[tabib-v2.inaikas.com/doctor-profile.html]
[tabib-v2.inaikas.com/all-patients.html]
[tabib-v2.inaikas.com/new-appointment.html]
[tabib-v2.inaikas.com/new-prescription.html]
[tabib-v2.inaikas.com/all-prescriptions.html]
[tabib-v2.inaikas.com/add-drug.html]
[tabib-v2.inaikas.com/add-test.html]
[tabib-v2.inaikas.com/all-tests.html]
[tabib-v2.inaikas.com/calendar.html]
[tabib-v2.inaikas.com/reports.html]
[tabib-v2.inaikas.com/create-invoice.html]
[tabib-v2.inaikas.com/billing-list.html]
[tabib-v2.inaikas.com/doctor-settings.html]
[tabib-v2.inaikas.com/prescription-settings.html]
[tabib-v2.inaikas.com/empty-page.html]
[tabib-v2.inaikas.com/page-login.html]
[tabib-v2.inaikas.com/page-login-one.html]
[tabib-v2.inaikas.com/page-register.html]
[tabib-v2.inaikas.com/page-register-one.html]
[tabib-v2.inaikas.com/page-lock-screen.html]
[tabib-v2.inaikas.com/page-forgot-password.html]
[tabib-v2.inaikas.com/page-error-404.html]
[tabib-v2.inaikas.com/page-error-500.html]
[tabib-v2.inaikas.com/assets/images/appointement.svg]
[tabib-v2.inaikas.com/assets/images/avtar/1.jpg]
[tabib-v2.inaikas.com/assets/images/client.jpg]
[tabib-v2.inaikas.com/assets/plugins/jquery/jquery.min.js]
[tabib-v2.inaikas.com/assets/plugins/popper/popper.min.js]
[tabib-v2.inaikas.com/assets/plugins/bootstrap/js/bootstrap.min.js]
[tabib-v2.inaikas.com/assets/plugins/moment/moment.min.js]
[tabib-v2.inaikas.com/assets/plugins/daterangepicker/daterangepicker.min.js]
[tabib-v2.inaikas.com/assets/js/init-tdatatable.js]
[tabib-v2.inaikas.com/assets/js/toggleFullScreen.js]
[tabib-v2.inaikas.com/assets/js/main.js]
[tabib-v2.inaikas.com/new-patient.html]
[tabib-v2.inaikas.com/assets/js/option-themes.js]
[tabib-v2.inaikas.com/assets/plugins/datatables/jquery.dataTables.min.js]
[tabib-v2.inaikas.com/assets/plugins/bootstrap/css/bootstrap.min.css]
[tabib-v2.inaikas.com/assets/plugins/daterangepicker/daterangepicker.css]
[tabib-v2.inaikas.com/assets/plugins/datatables/css/dataTables.bootstrap.min.css]
[tabib-v2.inaikas.com/assets/fonts/fontawesome/css/all.min.css]
[tabib-v2.inaikas.com/assets/fonts/simple-line-icons/css/simple-line-icons.css]
[tabib-v2.inaikas.com/assets/main/css/fonts.css]
[tabib-v2.inaikas.com/assets/images/avatar-download.png]
[tabib-v2.inaikas.com/assets/images/datatables/sort_both.png]
[tabib-v2.inaikas.com/assets/images/datatables/sort_asc.png]
[tabib-v2.inaikas.com/assets/images/datatables/sort_desc.png]
[tabib-v2.inaikas.com/assets/images/login_bg.jpg]
[tabib-v2.inaikas.com/assets/images/error404.jpg]
[tabib-v2.inaikas.com/assets/images/pattern_color.png]
[tabib-v2.inaikas.com/assets/main/css/style.css]
[tabib-v2.inaikas.com/assets/images/patients/user1.jpg]
[tabib-v2.inaikas.com/assets/images/patients/user2.jpg]
[tabib-v2.inaikas.com/assets/images/patients/user3.jpg]
[tabib-v2.inaikas.com/assets/images/patients/user4.jpg]
[tabib-v2.inaikas.com/assets/js/charts-custom.js]
[tabib-v2.inaikas.com/index.html]
[tabib-v2.inaikas.com/index-dark.html]
[tabib-v2.inaikas.com/index-rtl.html]
[tabib-v2.inaikas.com/add-doctor.html]
[tabib-v2.inaikas.com/assets/images/doctors/avatar1.jpg]
[tabib-v2.inaikas.com/assets/plugins/bootstrap/js/bootstrap.js]
[tabib-v2.inaikas.com/assets/images/doctors/avatar2.jpg]
[tabib-v2.inaikas.com/assets/images/doctors/avatar5.jpg]
[tabib-v2.inaikas.com/assets/images/doctors/avatar3.jpg]
[tabib-v2.inaikas.com/assets/images/doctors/avatar4.jpg]
[tabib-v2.inaikas.com/doctor-list.html]
[tabib-v2.inaikas.com/assets/images/patients/user5.jpg]
[tabib-v2.inaikas.com/assets/plugins/chart/chart/Chart.min.js]
[tabib-v2.inaikas.com/assets/images/patients/user6.jpg]
[tabib-v2.inaikas.com/doctor-profile.html]
[tabib-v2.inaikas.com/assets/images/patients/user7.jpg]
[tabib-v2.inaikas.com/assets/images/patients/user8.jpg]
[tabib-v2.inaikas.com/assets/images/patients/user9.jpg]
[tabib-v2.inaikas.com/assets/images/patients/user10.jpg]
[tabib-v2.inaikas.com/assets/images/patients/user11.jpg]
[tabib-v2.inaikas.com/assets/images/patients/user12.jpg]
[tabib-v2.inaikas.com/all-patients.html]
[tabib-v2.inaikas.com/new-appointment.html]
[tabib-v2.inaikas.com/assets/images/patient-icon.png]
[tabib-v2.inaikas.com/new-prescription.html]
[tabib-v2.inaikas.com/all-prescriptions.html]
[tabib-v2.inaikas.com/add-drug.html]
[tabib-v2.inaikas.com/add-test.html]
[tabib-v2.inaikas.com/all-tests.html]
[tabib-v2.inaikas.com/assets/plugins/jquery/jquery3-2.1.min.js]
[tabib-v2.inaikas.com/assets/plugins/calendar/calendar-init.js]
[tabib-v2.inaikas.com/calendar.html]
[tabib-v2.inaikas.com/assets/plugins/jquery-ui/jquery-ui.min.js]
[tabib-v2.inaikas.com/assets/js/apex-custom.js]
[tabib-v2.inaikas.com/reports.html]
[tabib-v2.inaikas.com/create-invoice.html]
[tabib-v2.inaikas.com/billing-list.html]
[tabib-v2.inaikas.com/doctor-settings.html]
[tabib-v2.inaikas.com/prescription-settings.html]
[tabib-v2.inaikas.com/empty-page.html]
[tabib-v2.inaikas.com/page-login.html]
[tabib-v2.inaikas.com/assets/images/bg-register.jpg]
[tabib-v2.inaikas.com/assets/plugins/calendar/fullcalendar.min.js]
[tabib-v2.inaikas.com/page-login-one.html]
[tabib-v2.inaikas.com/page-register.html]
[tabib-v2.inaikas.com/page-register-one.html]
[tabib-v2.inaikas.com/page-lock-screen.html]
[tabib-v2.inaikas.com/page-forgot-password.html]
[tabib-v2.inaikas.com/page-error-404.html]
[tabib-v2.inaikas.com/page-error-500.html]
[tabib-v2.inaikas.com/assets/images/appointement.svg]
[tabib-v2.inaikas.com/uxign.html]
[tabib-v2.inaikas.com/assets/plugins/bootstrap/css/bootstrap.min.css]
[tabib-v2.inaikas.com/index-2.html]
[tabib-v2.inaikas.com/assets/plugins/daterangepicker/daterangepicker.css]
[tabib-v2.inaikas.com/assets/plugins/datatables/css/dataTables.bootstrap.min.css]
[tabib-v2.inaikas.com/assets/plugins/chart/apexcharts-bundle/js/apexcharts.min.js]
[tabib-v2.inaikas.com/assets/fonts/fontawesome/webfonts/fa-brands-400.woff2]
[tabib-v2.inaikas.com/assets/fonts/fontawesome/webfonts/fa-brands-400.eot]
[tabib-v2.inaikas.com/assets/fonts/fontawesome/webfonts/fa-brands-400d41d.eot]
[tabib-v2.inaikas.com/assets/fonts/fontawesome/webfonts/fa-brands-400.woff]
[tabib-v2.inaikas.com/assets/fonts/fontawesome/webfonts/fa-brands-400.ttf]
[tabib-v2.inaikas.com/assets/fonts/fontawesome/webfonts/fa-regular-400.eot]
[tabib-v2.inaikas.com/assets/fonts/fontawesome/webfonts/fa-brands-400.svg]
[tabib-v2.inaikas.com/assets/fonts/fontawesome/webfonts/fa-regular-400.woff2]
[tabib-v2.inaikas.com/assets/fonts/fontawesome/webfonts/fa-regular-400d41d.eot]
[tabib-v2.inaikas.com/assets/fonts/fontawesome/webfonts/fa-regular-400.woff]
[tabib-v2.inaikas.com/assets/fonts/fontawesome/webfonts/fa-regular-400.ttf]
[tabib-v2.inaikas.com/assets/fonts/fontawesome/webfonts/fa-regular-400.svg]
[tabib-v2.inaikas.com/assets/fonts/fontawesome/webfonts/fa-solid-900.woff2]
[tabib-v2.inaikas.com/assets/fonts/fontawesome/webfonts/fa-solid-900.eot]
[tabib-v2.inaikas.com/assets/fonts/fontawesome/webfonts/fa-solid-900.woff]
[tabib-v2.inaikas.com/assets/fonts/fontawesome/webfonts/fa-solid-900d41d.eot]
[tabib-v2.inaikas.com/assets/fonts/fontawesome/webfonts/fa-solid-900.ttf]
[tabib-v2.inaikas.com/assets/fonts/fontawesome/css/all.min.css]
[tabib-v2.inaikas.com/assets/fonts/fontawesome/webfonts/fa-solid-900.svg]
[tabib-v2.inaikas.com/assets/fonts/simple-line-icons/fonts/Simple-Line-Icons4c824c82.eot]
[tabib-v2.inaikas.com/assets/fonts/simple-line-icons/fonts/Simple-Line-Iconsd41dd41d.eot]
[tabib-v2.inaikas.com/assets/fonts/simple-line-icons/fonts/Simple-Line-Icons4c824c82.woff2]
[tabib-v2.inaikas.com/assets/fonts/simple-line-icons/fonts/Simple-Line-Icons4c824c82.woff]
[tabib-v2.inaikas.com/assets/fonts/simple-line-icons/fonts/Simple-Line-Icons4c824c82.ttf]
[tabib-v2.inaikas.com/assets/fonts/simple-line-icons/css/simple-line-icons.css]
[tabib-v2.inaikas.com/assets/fonts/simple-line-icons/fonts/Simple-Line-Icons4c824c82.svg]
[tabib-v2.inaikas.com/assets/images/patient-icon.png]
[tabib-v2.inaikas.com/assets/plugins/calendar/fullcalendar.min.css]
[tabib-v2.inaikas.com/assets/images/FE0B2D0E.html]
[tabib-v2.inaikas.com/index-2.html]
[tabib-v2.inaikas.com/assets/plugins/calendar/fullcalendar.print.min.css]
[tabib-v2.inaikas.com/assets/fonts/fontawesome/webfonts/fa-brands-400.svg]
[tabib-v2.inaikas.com/assets/fonts/fontawesome/webfonts/fa-regular-400.svg]
[tabib-v2.inaikas.com/assets/fonts/fontawesome/webfonts/fa-solid-900.svg]
[tabib-v2.inaikas.com/assets/fonts/simple-line-icons/fonts/Simple-Line-Icons4c824c82.svg]
[tabib-v2.inaikas.com/assets/plugins/calendar/fullcalendar.min.css]
[tabib-v2.inaikas.com/assets/plugins/calendar/fullcalendar.print.min.css]
